Archive member included to satisfy reference by file (symbol)

c:/st/stm32cubeide_1.6.1/stm32cubeide/plugins/com.st.stm32cube.ide.mcu.externaltools.gnu-tools-for-stm32.9-2020-q2-update.win32_1.5.0.202011040924/tools/bin/../lib/gcc/arm-none-eabi/9.3.1/../../../../arm-none-eabi/lib/thumb/v7e-m+fp/hard\libc_nano.a(lib_a-errno.o)
                              Src/bsp/syscalls.o (__errno)
c:/st/stm32cubeide_1.6.1/stm32cubeide/plugins/com.st.stm32cube.ide.mcu.externaltools.gnu-tools-for-stm32.9-2020-q2-update.win32_1.5.0.202011040924/tools/bin/../lib/gcc/arm-none-eabi/9.3.1/../../../../arm-none-eabi/lib/thumb/v7e-m+fp/hard\libc_nano.a(lib_a-exit.o)
                              c:/st/stm32cubeide_1.6.1/stm32cubeide/plugins/com.st.stm32cube.ide.mcu.externaltools.gnu-tools-for-stm32.9-2020-q2-update.win32_1.5.0.202011040924/tools/bin/../lib/gcc/arm-none-eabi/9.3.1/../../../../arm-none-eabi/lib/thumb/v7e-m+fp/hard/crt0.o (exit)
c:/st/stm32cubeide_1.6.1/stm32cubeide/plugins/com.st.stm32cube.ide.mcu.externaltools.gnu-tools-for-stm32.9-2020-q2-update.win32_1.5.0.202011040924/tools/bin/../lib/gcc/arm-none-eabi/9.3.1/../../../../arm-none-eabi/lib/thumb/v7e-m+fp/hard\libc_nano.a(lib_a-impure.o)
                              c:/st/stm32cubeide_1.6.1/stm32cubeide/plugins/com.st.stm32cube.ide.mcu.externaltools.gnu-tools-for-stm32.9-2020-q2-update.win32_1.5.0.202011040924/tools/bin/../lib/gcc/arm-none-eabi/9.3.1/../../../../arm-none-eabi/lib/thumb/v7e-m+fp/hard\libc_nano.a(lib_a-exit.o) (_global_impure_ptr)
c:/st/stm32cubeide_1.6.1/stm32cubeide/plugins/com.st.stm32cube.ide.mcu.externaltools.gnu-tools-for-stm32.9-2020-q2-update.win32_1.5.0.202011040924/tools/bin/../lib/gcc/arm-none-eabi/9.3.1/../../../../arm-none-eabi/lib/thumb/v7e-m+fp/hard\libc_nano.a(lib_a-init.o)
                              c:/st/stm32cubeide_1.6.1/stm32cubeide/plugins/com.st.stm32cube.ide.mcu.externaltools.gnu-tools-for-stm32.9-2020-q2-update.win32_1.5.0.202011040924/tools/bin/../lib/gcc/arm-none-eabi/9.3.1/../../../../arm-none-eabi/lib/thumb/v7e-m+fp/hard/crt0.o (__libc_init_array)
c:/st/stm32cubeide_1.6.1/stm32cubeide/plugins/com.st.stm32cube.ide.mcu.externaltools.gnu-tools-for-stm32.9-2020-q2-update.win32_1.5.0.202011040924/tools/bin/../lib/gcc/arm-none-eabi/9.3.1/../../../../arm-none-eabi/lib/thumb/v7e-m+fp/hard\libc_nano.a(lib_a-memset.o)
                              c:/st/stm32cubeide_1.6.1/stm32cubeide/plugins/com.st.stm32cube.ide.mcu.externaltools.gnu-tools-for-stm32.9-2020-q2-update.win32_1.5.0.202011040924/tools/bin/../lib/gcc/arm-none-eabi/9.3.1/../../../../arm-none-eabi/lib/thumb/v7e-m+fp/hard/crt0.o (memset)
c:/st/stm32cubeide_1.6.1/stm32cubeide/plugins/com.st.stm32cube.ide.mcu.externaltools.gnu-tools-for-stm32.9-2020-q2-update.win32_1.5.0.202011040924/tools/bin/../lib/gcc/arm-none-eabi/9.3.1/thumb/v7e-m+fp/hard\libgcc.a(_aeabi_uldivmod.o)
                              Src/lib/cube_f411/Drivers/STM32F4xx_HAL_Driver/Src/stm32f4xx_hal_rcc.o (__aeabi_uldivmod)
c:/st/stm32cubeide_1.6.1/stm32cubeide/plugins/com.st.stm32cube.ide.mcu.externaltools.gnu-tools-for-stm32.9-2020-q2-update.win32_1.5.0.202011040924/tools/bin/../lib/gcc/arm-none-eabi/9.3.1/thumb/v7e-m+fp/hard\libgcc.a(_udivmoddi4.o)
                              c:/st/stm32cubeide_1.6.1/stm32cubeide/plugins/com.st.stm32cube.ide.mcu.externaltools.gnu-tools-for-stm32.9-2020-q2-update.win32_1.5.0.202011040924/tools/bin/../lib/gcc/arm-none-eabi/9.3.1/thumb/v7e-m+fp/hard\libgcc.a(_aeabi_uldivmod.o) (__udivmoddi4)
c:/st/stm32cubeide_1.6.1/stm32cubeide/plugins/com.st.stm32cube.ide.mcu.externaltools.gnu-tools-for-stm32.9-2020-q2-update.win32_1.5.0.202011040924/tools/bin/../lib/gcc/arm-none-eabi/9.3.1/thumb/v7e-m+fp/hard\libgcc.a(_dvmd_tls.o)
                              c:/st/stm32cubeide_1.6.1/stm32cubeide/plugins/com.st.stm32cube.ide.mcu.externaltools.gnu-tools-for-stm32.9-2020-q2-update.win32_1.5.0.202011040924/tools/bin/../lib/gcc/arm-none-eabi/9.3.1/thumb/v7e-m+fp/hard\libgcc.a(_aeabi_uldivmod.o) (__aeabi_ldiv0)

Allocating common symbols
Common symbol       size              file

uwTick              0x4               Src/lib/cube_f411/Drivers/STM32F4xx_HAL_Driver/Src/stm32f4xx_hal.o
pFlash              0x20              Src/lib/cube_f411/Drivers/STM32F4xx_HAL_Driver/Src/stm32f4xx_hal_flash.o

Discarded input sections

 .text          0x0000000000000000        0x0 c:/st/stm32cubeide_1.6.1/stm32cubeide/plugins/com.st.stm32cube.ide.mcu.externaltools.gnu-tools-for-stm32.9-2020-q2-update.win32_1.5.0.202011040924/tools/bin/../lib/gcc/arm-none-eabi/9.3.1/thumb/v7e-m+fp/hard/crti.o
 .data          0x0000000000000000        0x0 c:/st/stm32cubeide_1.6.1/stm32cubeide/plugins/com.st.stm32cube.ide.mcu.externaltools.gnu-tools-for-stm32.9-2020-q2-update.win32_1.5.0.202011040924/tools/bin/../lib/gcc/arm-none-eabi/9.3.1/thumb/v7e-m+fp/hard/crti.o
[...]
Memory Configuration

Name             Origin             Length             Attributes
RAM              0x0000000020000000 0x0000000000020000 xrw
FLASH            0x0000000008000000 0x0000000000080000 xr
*default*        0x0000000000000000 0xffffffffffffffff

Linker script and memory map

LOAD c:/st/stm32cubeide_1.6.1/stm32cubeide/plugins/com.st.stm32cube.ide.mcu.externaltools.gnu-tools-for-stm32.9-2020-q2-update.win32_1.5.0.202011040924/tools/bin/../lib/gcc/arm-none-eabi/9.3.1/thumb/v7e-m+fp/hard/crti.o
LOAD c:/st/stm32cubeide_1.6.1/stm32cubeide/plugins/com.st.stm32cube.ide.mcu.externaltools.gnu-tools-for-stm32.9-2020-q2-update.win32_1.5.0.202011040924/tools/bin/../lib/gcc/arm-none-eabi/9.3.1/thumb/v7e-m+fp/hard/crtbegin.o
LOAD c:/st/stm32cubeide_1.6.1/stm32cubeide/plugins/com.st.stm32cube.ide.mcu.externaltools.gnu-tools-for-stm32.9-2020-q2-update.win32_1.5.0.202011040924/tools/bin/../lib/gcc/arm-none-eabi/9.3.1/../../../../arm-none-eabi/lib/thumb/v7e-m+fp/hard/crt0.o
LOAD Src/ap/ap.o
LOAD Src/bsp/bsp.o
LOAD Src/bsp/stm32f4xx_hal_msp.o
LOAD Src/bsp/stm32f4xx_it.o
LOAD Src/bsp/syscalls.o
LOAD Src/bsp/sysmem.o
LOAD Src/bsp/system_stm32f4xx.o
LOAD Src/bsp/startup/startup_stm32f411ceux.o
LOAD Src/hw/driver/led.o
LOAD Src/hw/hw.o
LOAD Src/lib/cube_f411/Drivers/STM32F4xx_HAL_Driver/Src/stm32f4xx_hal.o
LOAD Src/lib/cube_f411/Drivers/STM32F4xx_HAL_Driver/Src/stm32f4xx_hal_cortex.o
LOAD Src/lib/cube_f411/Drivers/STM32F4xx_HAL_Driver/Src/stm32f4xx_hal_dma.o
LOAD Src/lib/cube_f411/Drivers/STM32F4xx_HAL_Driver/Src/stm32f4xx_hal_dma_ex.o
LOAD Src/lib/cube_f411/Drivers/STM32F4xx_HAL_Driver/Src/stm32f4xx_hal_exti.o
LOAD Src/lib/cube_f411/Drivers/STM32F4xx_HAL_Driver/Src/stm32f4xx_hal_flash.o
LOAD Src/lib/cube_f411/Drivers/STM32F4xx_HAL_Driver/Src/stm32f4xx_hal_flash_ex.o
LOAD Src/lib/cube_f411/Drivers/STM32F4xx_HAL_Driver/Src/stm32f4xx_hal_flash_ramfunc.o
LOAD Src/lib/cube_f411/Drivers/STM32F4xx_HAL_Driver/Src/stm32f4xx_hal_gpio.o
LOAD Src/lib/cube_f411/Drivers/STM32F4xx_HAL_Driver/Src/stm32f4xx_hal_pwr.o
LOAD Src/lib/cube_f411/Drivers/STM32F4xx_HAL_Driver/Src/stm32f4xx_hal_pwr_ex.o
LOAD Src/lib/cube_f411/Drivers/STM32F4xx_HAL_Driver/Src/stm32f4xx_hal_rcc.o
LOAD Src/lib/cube_f411/Drivers/STM32F4xx_HAL_Driver/Src/stm32f4xx_hal_rcc_ex.o
LOAD Src/lib/cube_f411/Drivers/STM32F4xx_HAL_Driver/Src/stm32f4xx_hal_tim.o
LOAD Src/lib/cube_f411/Drivers/STM32F4xx_HAL_Driver/Src/stm32f4xx_hal_tim_ex.o
LOAD Src/main.o
START GROUP
LOAD c:/st/stm32cubeide_1.6.1/stm32cubeide/plugins/com.st.stm32cube.ide.mcu.externaltools.gnu-tools-for-stm32.9-2020-q2-update.win32_1.5.0.202011040924/tools/bin/../lib/gcc/arm-none-eabi/9.3.1/../../../../arm-none-eabi/lib/thumb/v7e-m+fp/hard\libc_nano.a
LOAD c:/st/stm32cubeide_1.6.1/stm32cubeide/plugins/com.st.stm32cube.ide.mcu.externaltools.gnu-tools-for-stm32.9-2020-q2-update.win32_1.5.0.202011040924/tools/bin/../lib/gcc/arm-none-eabi/9.3.1/../../../../arm-none-eabi/lib/thumb/v7e-m+fp/hard\libm.a
END GROUP
START GROUP
LOAD c:/st/stm32cubeide_1.6.1/stm32cubeide/plugins/com.st.stm32cube.ide.mcu.externaltools.gnu-tools-for-stm32.9-2020-q2-update.win32_1.5.0.202011040924/tools/bin/../lib/gcc/arm-none-eabi/9.3.1/thumb/v7e-m+fp/hard\libgcc.a
LOAD c:/st/stm32cubeide_1.6.1/stm32cubeide/plugins/com.st.stm32cube.ide.mcu.externaltools.gnu-tools-for-stm32.9-2020-q2-update.win32_1.5.0.202011040924/tools/bin/../lib/gcc/arm-none-eabi/9.3.1/../../../../arm-none-eabi/lib/thumb/v7e-m+fp/hard\libc_nano.a
END GROUP
START GROUP
LOAD c:/st/stm32cubeide_1.6.1/stm32cubeide/plugins/com.st.stm32cube.ide.mcu.externaltools.gnu-tools-for-stm32.9-2020-q2-update.win32_1.5.0.202011040924/tools/bin/../lib/gcc/arm-none-eabi/9.3.1/thumb/v7e-m+fp/hard\libgcc.a
LOAD c:/st/stm32cubeide_1.6.1/stm32cubeide/plugins/com.st.stm32cube.ide.mcu.externaltools.gnu-tools-for-stm32.9-2020-q2-update.win32_1.5.0.202011040924/tools/bin/../lib/gcc/arm-none-eabi/9.3.1/../../../../arm-none-eabi/lib/thumb/v7e-m+fp/hard\libc_nano.a
LOAD c:/st/stm32cubeide_1.6.1/stm32cubeide/plugins/com.st.stm32cube.ide.mcu.externaltools.gnu-tools-for-stm32.9-2020-q2-update.win32_1.5.0.202011040924/tools/bin/../lib/gcc/arm-none-eabi/9.3.1/../../../../arm-none-eabi/lib/thumb/v7e-m+fp/hard\libnosys.a
END GROUP
START GROUP
LOAD c:/st/stm32cubeide_1.6.1/stm32cubeide/plugins/com.st.stm32cube.ide.mcu.externaltools.gnu-tools-for-stm32.9-2020-q2-update.win32_1.5.0.202011040924/tools/bin/../lib/gcc/arm-none-eabi/9.3.1/thumb/v7e-m+fp/hard\libgcc.a
LOAD c:/st/stm32cubeide_1.6.1/stm32cubeide/plugins/com.st.stm32cube.ide.mcu.externaltools.gnu-tools-for-stm32.9-2020-q2-update.win32_1.5.0.202011040924/tools/bin/../lib/gcc/arm-none-eabi/9.3.1/../../../../arm-none-eabi/lib/thumb/v7e-m+fp/hard\libc_nano.a
LOAD c:/st/stm32cubeide_1.6.1/stm32cubeide/plugins/com.st.stm32cube.ide.mcu.externaltools.gnu-tools-for-stm32.9-2020-q2-update.win32_1.5.0.202011040924/tools/bin/../lib/gcc/arm-none-eabi/9.3.1/../../../../arm-none-eabi/lib/thumb/v7e-m+fp/hard\libnosys.a
END GROUP
LOAD c:/st/stm32cubeide_1.6.1/stm32cubeide/plugins/com.st.stm32cube.ide.mcu.externaltools.gnu-tools-for-stm32.9-2020-q2-update.win32_1.5.0.202011040924/tools/bin/../lib/gcc/arm-none-eabi/9.3.1/thumb/v7e-m+fp/hard/crtend.o
LOAD c:/st/stm32cubeide_1.6.1/stm32cubeide/plugins/com.st.stm32cube.ide.mcu.externaltools.gnu-tools-for-stm32.9-2020-q2-update.win32_1.5.0.202011040924/tools/bin/../lib/gcc/arm-none-eabi/9.3.1/thumb/v7e-m+fp/hard/crtn.o
                0x0000000020020000                _estack = (ORIGIN (RAM) + LENGTH (RAM))
                0x0000000000000200                _Min_Heap_Size = 0x200
                0x0000000000000400                _Min_Stack_Size = 0x400

.isr_vector     0x0000000008000000      0x198
                0x0000000008000000                . = ALIGN (0x4)
 *(.isr_vector)
 .isr_vector    0x0000000008000000      0x198 Src/bsp/startup/startup_stm32f411ceux.o
                0x0000000008000000                g_pfnVectors
                0x0000000008000198                . = ALIGN (0x4)

.text           0x0000000008000198     0x15cc
                0x0000000008000198                . = ALIGN (0x4)
 *(.text)
 .text          0x0000000008000198       0x40 c:/st/stm32cubeide_1.6.1/stm32cubeide/plugins/com.st.stm32cube.ide.mcu.externaltools.gnu-tools-for-stm32.9-2020-q2-update.win32_1.5.0.202011040924/tools/bin/../lib/gcc/arm-none-eabi/9.3.1/thumb/v7e-m+fp/hard/crtbegin.o
 .text          0x00000000080001d8       0x30 c:/st/stm32cubeide_1.6.1/stm32cubeide/plugins/com.st.stm32cube.ide.mcu.externaltools.gnu-tools-for-stm32.9-2020-q2-update.win32_1.5.0.202011040924/tools/bin/../lib/gcc/arm-none-eabi/9.3.1/thumb/v7e-m+fp/hard\libgcc.a(_aeabi_uldivmod.o)
                0x00000000080001d8                __aeabi_uldivmod
 .text          0x0000000008000208      0x2c4 c:/st/stm32cubeide_1.6.1/stm32cubeide/plugins/com.st.stm32cube.ide.mcu.externaltools.gnu-tools-for-stm32.9-2020-q2-update.win32_1.5.0.202011040924/tools/bin/../lib/gcc/arm-none-eabi/9.3.1/thumb/v7e-m+fp/hard\libgcc.a(_udivmoddi4.o)
                0x0000000008000208                __udivmoddi4
 .text          0x00000000080004cc        0x4 c:/st/stm32cubeide_1.6.1/stm32cubeide/plugins/com.st.stm32cube.ide.mcu.externaltools.gnu-tools-for-stm32.9-2020-q2-update.win32_1.5.0.202011040924/tools/bin/../lib/gcc/arm-none-eabi/9.3.1/thumb/v7e-m+fp/hard\libgcc.a(_dvmd_tls.o)
                0x00000000080004cc                __aeabi_idiv0
                0x00000000080004cc                __aeabi_ldiv0
 *(.text*)
 .text.apInit   0x00000000080004d0        0xe Src/ap/ap.o
                0x00000000080004d0                apInit
 .text.apMain   0x00000000080004de       0x2a Src/ap/ap.o
                0x00000000080004de                apMain
 .text.bspInit  0x0000000008000508       0x70 Src/bsp/bsp.o
                0x0000000008000508                bspInit
 .text.millis   0x0000000008000578        0xe Src/bsp/bsp.o
                0x0000000008000578                millis
 *fill*         0x0000000008000586        0x2 
 .text.SystemClock_Config
                0x0000000008000588       0xd0 Src/bsp/bsp.o
                0x0000000008000588                SystemClock_Config
 .text.Error_Handler
                0x0000000008000658        0xa Src/bsp/bsp.o
                0x0000000008000658                Error_Handler
 *fill*         0x0000000008000662        0x2 
 .text.HAL_MspInit
                0x0000000008000664       0x50 Src/bsp/stm32f4xx_hal_msp.o
                0x0000000008000664                HAL_MspInit
 .text.NMI_Handler
                0x00000000080006b4        0x6 Src/bsp/stm32f4xx_it.o
                0x00000000080006b4                NMI_Handler
 .text.HardFault_Handler
                0x00000000080006ba        0x6 Src/bsp/stm32f4xx_it.o
                0x00000000080006ba                HardFault_Handler
 .text.MemManage_Handler
                0x00000000080006c0        0x6 Src/bsp/stm32f4xx_it.o
                0x00000000080006c0                MemManage_Handler
 .text.BusFault_Handler
                0x00000000080006c6        0x6 Src/bsp/stm32f4xx_it.o
                0x00000000080006c6                BusFault_Handler
 .text.UsageFault_Handler
                0x00000000080006cc        0x6 Src/bsp/stm32f4xx_it.o
                0x00000000080006cc                UsageFault_Handler
 .text.SVC_Handler
                0x00000000080006d2        0xe Src/bsp/stm32f4xx_it.o
                0x00000000080006d2                SVC_Handler
 .text.DebugMon_Handler
                0x00000000080006e0        0xe Src/bsp/stm32f4xx_it.o
                0x00000000080006e0                DebugMon_Handler
 .text.PendSV_Handler
                0x00000000080006ee        0xe Src/bsp/stm32f4xx_it.o
                0x00000000080006ee                PendSV_Handler
 .text.SysTick_Handler
                0x00000000080006fc        0xc Src/bsp/stm32f4xx_it.o
                0x00000000080006fc                SysTick_Handler
 .text.SystemInit
                0x0000000008000708       0x24 Src/bsp/system_stm32f4xx.o
                0x0000000008000708                SystemInit
 .text.Reset_Handler
                0x000000000800072c       0x50 Src/bsp/startup/startup_stm32f411ceux.o
                0x000000000800072c                Reset_Handler
 .text.Default_Handler
                0x000000000800077c        0x2 Src/bsp/startup/startup_stm32f411ceux.o
                0x000000000800077c                RTC_Alarm_IRQHandler
                0x000000000800077c                EXTI2_IRQHandler
                0x000000000800077c                SPI4_IRQHandler
                0x000000000800077c                TIM1_CC_IRQHandler
                0x000000000800077c                DMA2_Stream5_IRQHandler
                0x000000000800077c                DMA1_Stream5_IRQHandler
                0x000000000800077c                PVD_IRQHandler
                0x000000000800077c                SDIO_IRQHandler
                0x000000000800077c                TAMP_STAMP_IRQHandler
                0x000000000800077c                EXTI3_IRQHandler
                0x000000000800077c                TIM1_UP_TIM10_IRQHandler
                0x000000000800077c                I2C3_ER_IRQHandler
                0x000000000800077c                EXTI0_IRQHandler
                0x000000000800077c                I2C2_EV_IRQHandler
                0x000000000800077c                DMA1_Stream2_IRQHandler
                0x000000000800077c                FPU_IRQHandler
                0x000000000800077c                DMA2_Stream2_IRQHandler
                0x000000000800077c                SPI1_IRQHandler
                0x000000000800077c                TIM1_BRK_TIM9_IRQHandler
                0x000000000800077c                DMA2_Stream3_IRQHandler
                0x000000000800077c                USART6_IRQHandler
                0x000000000800077c                DMA2_Stream0_IRQHandler
                0x000000000800077c                TIM4_IRQHandler
                0x000000000800077c                I2C1_EV_IRQHandler
                0x000000000800077c                DMA1_Stream6_IRQHandler
                0x000000000800077c                DMA1_Stream1_IRQHandler
                0x000000000800077c                TIM3_IRQHandler
                0x000000000800077c                RCC_IRQHandler
                0x000000000800077c                Default_Handler
                0x000000000800077c                EXTI15_10_IRQHandler
                0x000000000800077c                ADC_IRQHandler
                0x000000000800077c                DMA1_Stream7_IRQHandler
                0x000000000800077c                SPI5_IRQHandler
                0x000000000800077c                TIM5_IRQHandler
                0x000000000800077c                DMA2_Stream7_IRQHandler
                0x000000000800077c                I2C3_EV_IRQHandler
                0x000000000800077c                EXTI9_5_IRQHandler
                0x000000000800077c                RTC_WKUP_IRQHandler
                0x000000000800077c                SPI2_IRQHandler
                0x000000000800077c                DMA1_Stream0_IRQHandler
                0x000000000800077c                EXTI4_IRQHandler
                0x000000000800077c                WWDG_IRQHandler
                0x000000000800077c                TIM2_IRQHandler
                0x000000000800077c                OTG_FS_WKUP_IRQHandler
                0x000000000800077c                TIM1_TRG_COM_TIM11_IRQHandler
                0x000000000800077c                EXTI1_IRQHandler
                0x000000000800077c                USART2_IRQHandler
                0x000000000800077c                I2C2_ER_IRQHandler
                0x000000000800077c                DMA2_Stream1_IRQHandler
                0x000000000800077c                FLASH_IRQHandler
                0x000000000800077c                DMA2_Stream4_IRQHandler
                0x000000000800077c                USART1_IRQHandler
                0x000000000800077c                OTG_FS_IRQHandler
                0x000000000800077c                SPI3_IRQHandler
                0x000000000800077c                DMA1_Stream4_IRQHandler
                0x000000000800077c                I2C1_ER_IRQHandler
                0x000000000800077c                DMA2_Stream6_IRQHandler
                0x000000000800077c                DMA1_Stream3_IRQHandler
 *fill*         0x000000000800077e        0x2 
 .text.ledInit  0x0000000008000780       0x8c Src/hw/driver/led.o
                0x0000000008000780                ledInit
 .text.ledOff   0x000000000800080c       0x40 Src/hw/driver/led.o
                0x000000000800080c                ledOff
 .text.ledToggle
                0x000000000800084c       0x38 Src/hw/driver/led.o
                0x000000000800084c                ledToggle
 .text.hwInit   0x0000000008000884       0x10 Src/hw/hw.o
                0x0000000008000884                hwInit
 .text.HAL_Init
                0x0000000008000894       0x44 Src/lib/cube_f411/Drivers/STM32F4xx_HAL_Driver/Src/stm32f4xx_hal.o
                0x0000000008000894                HAL_Init
 .text.HAL_InitTick
                0x00000000080008d8       0x60 Src/lib/cube_f411/Drivers/STM32F4xx_HAL_Driver/Src/stm32f4xx_hal.o
                0x00000000080008d8                HAL_InitTick
 .text.HAL_IncTick
                0x0000000008000938       0x28 Src/lib/cube_f411/Drivers/STM32F4xx_HAL_Driver/Src/stm32f4xx_hal.o
                0x0000000008000938                HAL_IncTick
 .text.HAL_GetTick
                0x0000000008000960       0x18 Src/lib/cube_f411/Drivers/STM32F4xx_HAL_Driver/Src/stm32f4xx_hal.o
                0x0000000008000960                HAL_GetTick
 .text.__NVIC_SetPriorityGrouping
                0x0000000008000978       0x48 Src/lib/cube_f411/Drivers/STM32F4xx_HAL_Driver/Src/stm32f4xx_hal_cortex.o
 .text.__NVIC_GetPriorityGrouping
                0x00000000080009c0       0x1c Src/lib/cube_f411/Drivers/STM32F4xx_HAL_Driver/Src/stm32f4xx_hal_cortex.o
 .text.__NVIC_SetPriority
                0x00000000080009dc       0x54 Src/lib/cube_f411/Drivers/STM32F4xx_HAL_Driver/Src/stm32f4xx_hal_cortex.o
 .text.NVIC_EncodePriority
                0x0000000008000a30       0x66 Src/lib/cube_f411/Drivers/STM32F4xx_HAL_Driver/Src/stm32f4xx_hal_cortex.o
 *fill*         0x0000000008000a96        0x2 
 .text.SysTick_Config
                0x0000000008000a98       0x44 Src/lib/cube_f411/Drivers/STM32F4xx_HAL_Driver/Src/stm32f4xx_hal_cortex.o
 .text.HAL_NVIC_SetPriorityGrouping
                0x0000000008000adc       0x16 Src/lib/cube_f411/Drivers/STM32F4xx_HAL_Driver/Src/stm32f4xx_hal_cortex.o
                0x0000000008000adc                HAL_NVIC_SetPriorityGrouping
 .text.HAL_NVIC_SetPriority
                0x0000000008000af2       0x38 Src/lib/cube_f411/Drivers/STM32F4xx_HAL_Driver/Src/stm32f4xx_hal_cortex.o
                0x0000000008000af2                HAL_NVIC_SetPriority
 .text.HAL_SYSTICK_Config
                0x0000000008000b2a       0x18 Src/lib/cube_f411/Drivers/STM32F4xx_HAL_Driver/Src/stm32f4xx_hal_cortex.o
                0x0000000008000b2a                HAL_SYSTICK_Config
 *fill*         0x0000000008000b42        0x2 
 .text.HAL_GPIO_Init
                0x0000000008000b44      0x308 Src/lib/cube_f411/Drivers/STM32F4xx_HAL_Driver/Src/stm32f4xx_hal_gpio.o
                0x0000000008000b44                HAL_GPIO_Init
 .text.HAL_GPIO_WritePin
                0x0000000008000e4c       0x32 Src/lib/cube_f411/Drivers/STM32F4xx_HAL_Driver/Src/stm32f4xx_hal_gpio.o
                0x0000000008000e4c                HAL_GPIO_WritePin
 .text.HAL_GPIO_TogglePin
                0x0000000008000e7e       0x34 Src/lib/cube_f411/Drivers/STM32F4xx_HAL_Driver/Src/stm32f4xx_hal_gpio.o
                0x0000000008000e7e                HAL_GPIO_TogglePin
 *fill*         0x0000000008000eb2        0x2 
 .text.HAL_RCC_OscConfig
                0x0000000008000eb4      0x4f0 Src/lib/cube_f411/Drivers/STM32F4xx_HAL_Driver/Src/stm32f4xx_hal_rcc.o
                0x0000000008000eb4                HAL_RCC_OscConfig
 .text.HAL_RCC_ClockConfig
                0x00000000080013a4      0x1cc Src/lib/cube_f411/Drivers/STM32F4xx_HAL_Driver/Src/stm32f4xx_hal_rcc.o
                0x00000000080013a4                HAL_RCC_ClockConfig
 .text.HAL_RCC_GetSysClockFreq
                0x0000000008001570      0x16c Src/lib/cube_f411/Drivers/STM32F4xx_HAL_Driver/Src/stm32f4xx_hal_rcc.o
                0x0000000008001570                HAL_RCC_GetSysClockFreq
 .text.main     0x00000000080016dc       0x16 Src/main.o
                0x00000000080016dc                main
 *fill*         0x00000000080016f2        0x2 
 .text.__libc_init_array
                0x00000000080016f4       0x48 c:/st/stm32cubeide_1.6.1/stm32cubeide/plugins/com.st.stm32cube.ide.mcu.externaltools.gnu-tools-for-stm32.9-2020-q2-update.win32_1.5.0.202011040924/tools/bin/../lib/gcc/arm-none-eabi/9.3.1/../../../../arm-none-eabi/lib/thumb/v7e-m+fp/hard\libc_nano.a(lib_a-init.o)
                0x00000000080016f4                __libc_init_array
 .text.memset   0x000000000800173c       0x10 c:/st/stm32cubeide_1.6.1/stm32cubeide/plugins/com.st.stm32cube.ide.mcu.externaltools.gnu-tools-for-stm32.9-2020-q2-update.win32_1.5.0.202011040924/tools/bin/../lib/gcc/arm-none-eabi/9.3.1/../../../../arm-none-eabi/lib/thumb/v7e-m+fp/hard\libc_nano.a(lib_a-memset.o)
                0x000000000800173c                memset
 *(.glue_7)
 .glue_7        0x000000000800174c        0x0 linker stubs
 *(.glue_7t)
 .glue_7t       0x000000000800174c        0x0 linker stubs
 *(.eh_frame)
 .eh_frame      0x000000000800174c        0x0 c:/st/stm32cubeide_1.6.1/stm32cubeide/plugins/com.st.stm32cube.ide.mcu.externaltools.gnu-tools-for-stm32.9-2020-q2-update.win32_1.5.0.202011040924/tools/bin/../lib/gcc/arm-none-eabi/9.3.1/thumb/v7e-m+fp/hard/crtbegin.o
 *(.init)
 .init          0x000000000800174c        0x4 c:/st/stm32cubeide_1.6.1/stm32cubeide/plugins/com.st.stm32cube.ide.mcu.externaltools.gnu-tools-for-stm32.9-2020-q2-update.win32_1.5.0.202011040924/tools/bin/../lib/gcc/arm-none-eabi/9.3.1/thumb/v7e-m+fp/hard/crti.o
                0x000000000800174c                _init
 .init          0x0000000008001750        0x8 c:/st/stm32cubeide_1.6.1/stm32cubeide/plugins/com.st.stm32cube.ide.mcu.externaltools.gnu-tools-for-stm32.9-2020-q2-update.win32_1.5.0.202011040924/tools/bin/../lib/gcc/arm-none-eabi/9.3.1/thumb/v7e-m+fp/hard/crtn.o
 *(.fini)
 .fini          0x0000000008001758        0x4 c:/st/stm32cubeide_1.6.1/stm32cubeide/plugins/com.st.stm32cube.ide.mcu.externaltools.gnu-tools-for-stm32.9-2020-q2-update.win32_1.5.0.202011040924/tools/bin/../lib/gcc/arm-none-eabi/9.3.1/thumb/v7e-m+fp/hard/crti.o
                0x0000000008001758                _fini
 .fini          0x000000000800175c        0x8 c:/st/stm32cubeide_1.6.1/stm32cubeide/plugins/com.st.stm32cube.ide.mcu.externaltools.gnu-tools-for-stm32.9-2020-q2-update.win32_1.5.0.202011040924/tools/bin/../lib/gcc/arm-none-eabi/9.3.1/thumb/v7e-m+fp/hard/crtn.o
                0x0000000008001764                . = ALIGN (0x4)
                0x0000000008001764                _etext = .

.vfp11_veneer   0x0000000008001764        0x0
 .vfp11_veneer  0x0000000008001764        0x0 linker stubs

.v4_bx          0x0000000008001764        0x0
 .v4_bx         0x0000000008001764        0x0 linker stubs

.iplt           0x0000000008001764        0x0
 .iplt          0x0000000008001764        0x0 c:/st/stm32cubeide_1.6.1/stm32cubeide/plugins/com.st.stm32cube.ide.mcu.externaltools.gnu-tools-for-stm32.9-2020-q2-update.win32_1.5.0.202011040924/tools/bin/../lib/gcc/arm-none-eabi/9.3.1/thumb/v7e-m+fp/hard/crtbegin.o

.rodata         0x0000000008001764       0x10
                0x0000000008001764                . = ALIGN (0x4)
 *(.rodata)
 *(.rodata*)
 .rodata.AHBPrescTable
                0x0000000008001764       0x10 Src/bsp/system_stm32f4xx.o
                0x0000000008001764                AHBPrescTable
                0x0000000008001774                . = ALIGN (0x4)

.ARM.extab      0x0000000008001774        0x0
                0x0000000008001774                . = ALIGN (0x4)
 *(.ARM.extab* .gnu.linkonce.armextab.*)
                0x0000000008001774                . = ALIGN (0x4)

.ARM            0x0000000008001774        0x8
                0x0000000008001774                . = ALIGN (0x4)
                0x0000000008001774                __exidx_start = .
 *(.ARM.exidx*)
 .ARM.exidx     0x0000000008001774        0x8 c:/st/stm32cubeide_1.6.1/stm32cubeide/plugins/com.st.stm32cube.ide.mcu.externaltools.gnu-tools-for-stm32.9-2020-q2-update.win32_1.5.0.202011040924/tools/bin/../lib/gcc/arm-none-eabi/9.3.1/thumb/v7e-m+fp/hard\libgcc.a(_udivmoddi4.o)
                0x000000000800177c                __exidx_end = .
                0x000000000800177c                . = ALIGN (0x4)

.rel.dyn        0x000000000800177c        0x0
 .rel.iplt      0x000000000800177c        0x0 c:/st/stm32cubeide_1.6.1/stm32cubeide/plugins/com.st.stm32cube.ide.mcu.externaltools.gnu-tools-for-stm32.9-2020-q2-update.win32_1.5.0.202011040924/tools/bin/../lib/gcc/arm-none-eabi/9.3.1/thumb/v7e-m+fp/hard/crtbegin.o

.preinit_array  0x000000000800177c        0x0
                0x000000000800177c                . = ALIGN (0x4)
                0x000000000800177c                PROVIDE (__preinit_array_start = .)
 *(.preinit_array*)
                0x000000000800177c                PROVIDE (__preinit_array_end = .)
                0x000000000800177c                . = ALIGN (0x4)

.init_array     0x000000000800177c        0x4
                0x000000000800177c                . = ALIGN (0x4)
                0x000000000800177c                PROVIDE (__init_array_start = .)
 *(SORT_BY_NAME(.init_array.*))
 *(.init_array*)
 .init_array    0x000000000800177c        0x4 c:/st/stm32cubeide_1.6.1/stm32cubeide/plugins/com.st.stm32cube.ide.mcu.externaltools.gnu-tools-for-stm32.9-2020-q2-update.win32_1.5.0.202011040924/tools/bin/../lib/gcc/arm-none-eabi/9.3.1/thumb/v7e-m+fp/hard/crtbegin.o
                0x0000000008001780                PROVIDE (__init_array_end = .)
                0x0000000008001780                . = ALIGN (0x4)

.fini_array     0x0000000008001780        0x4
                0x0000000008001780                . = ALIGN (0x4)
                [!provide]                        PROVIDE (__fini_array_start = .)
 *(SORT_BY_NAME(.fini_array.*))
 *(.fini_array*)
 .fini_array    0x0000000008001780        0x4 c:/st/stm32cubeide_1.6.1/stm32cubeide/plugins/com.st.stm32cube.ide.mcu.externaltools.gnu-tools-for-stm32.9-2020-q2-update.win32_1.5.0.202011040924/tools/bin/../lib/gcc/arm-none-eabi/9.3.1/thumb/v7e-m+fp/hard/crtbegin.o
                [!provide]                        PROVIDE (__fini_array_end = .)
                0x0000000008001784                . = ALIGN (0x4)
                0x0000000008001784                _sidata = LOADADDR (.data)

.data           0x0000000020000000       0x24 load address 0x0000000008001784
                0x0000000020000000                . = ALIGN (0x4)
                0x0000000020000000                _sdata = .
 *(.data)
 *(.data*)
 .data.SystemCoreClock
                0x0000000020000000        0x4 Src/bsp/system_stm32f4xx.o
                0x0000000020000000                SystemCoreClock
 .data.led_tbl  0x0000000020000004       0x18 Src/hw/driver/led.o
                0x0000000020000004                led_tbl
 .data.uwTickPrio
                0x000000002000001c        0x4 Src/lib/cube_f411/Drivers/STM32F4xx_HAL_Driver/Src/stm32f4xx_hal.o
                0x000000002000001c                uwTickPrio
 .data.uwTickFreq
                0x0000000020000020        0x1 Src/lib/cube_f411/Drivers/STM32F4xx_HAL_Driver/Src/stm32f4xx_hal.o
                0x0000000020000020                uwTickFreq
 *(.RamFunc)
 *(.RamFunc*)
                0x0000000020000024                . = ALIGN (0x4)
 *fill*         0x0000000020000021        0x3 
                0x0000000020000024                _edata = .

.igot.plt       0x0000000020000024        0x0 load address 0x00000000080017a8
 .igot.plt      0x0000000020000024        0x0 c:/st/stm32cubeide_1.6.1/stm32cubeide/plugins/com.st.stm32cube.ide.mcu.externaltools.gnu-tools-for-stm32.9-2020-q2-update.win32_1.5.0.202011040924/tools/bin/../lib/gcc/arm-none-eabi/9.3.1/thumb/v7e-m+fp/hard/crtbegin.o
                0x0000000020000024                . = ALIGN (0x4)

.bss            0x0000000020000024       0x20 load address 0x00000000080017a8
                0x0000000020000024                _sbss = .
                0x0000000020000024                __bss_start__ = _sbss
 *(.bss)
 .bss           0x0000000020000024       0x1c c:/st/stm32cubeide_1.6.1/stm32cubeide/plugins/com.st.stm32cube.ide.mcu.externaltools.gnu-tools-for-stm32.9-2020-q2-update.win32_1.5.0.202011040924/tools/bin/../lib/gcc/arm-none-eabi/9.3.1/thumb/v7e-m+fp/hard/crtbegin.o
 *(.bss*)
 *(COMMON)
 COMMON         0x0000000020000040        0x4 Src/lib/cube_f411/Drivers/STM32F4xx_HAL_Driver/Src/stm32f4xx_hal.o
                0x0000000020000040                uwTick
                0x0000000020000044                . = ALIGN (0x4)
                0x0000000020000044                _ebss = .
                0x0000000020000044                __bss_end__ = _ebss

._user_heap_stack
                0x0000000020000044      0x604 load address 0x00000000080017a8
                0x0000000020000048                . = ALIGN (0x8)
 *fill*         0x0000000020000044        0x4 
                [!provide]                        PROVIDE (end = .)
                0x0000000020000048                PROVIDE (_end = .)
                0x0000000020000248                . = (. + _Min_Heap_Size)
 *fill*         0x0000000020000048      0x200 
                0x0000000020000648                . = (. + _Min_Stack_Size)
 *fill*         0x0000000020000248      0x400 
                0x0000000020000648                . = ALIGN (0x8)

/DISCARD/
 libc.a(*)
 libm.a(*)
 libgcc.a(*)

.ARM.attributes
                0x0000000000000000       0x30
 *(.ARM.attributes)
 .ARM.attributes
                0x0000000000000000       0x1e c:/st/stm32cubeide_1.6.1/stm32cubeide/plugins/com.st.stm32cube.ide.mcu.externaltools.gnu-tools-for-stm32.9-2020-q2-update.win32_1.5.0.202011040924/tools/bin/../lib/gcc/arm-none-eabi/9.3.1/thumb/v7e-m+fp/hard/crti.o
 .ARM.attributes
                0x000000000000001e       0x34 c:/st/stm32cubeide_1.6.1/stm32cubeide/plugins/com.st.stm32cube.ide.mcu.externaltools.gnu-tools-for-stm32.9-2020-q2-update.win32_1.5.0.202011040924/tools/bin/../lib/gcc/arm-none-eabi/9.3.1/thumb/v7e-m+fp/hard/crtbegin.o
 .ARM.attributes
                0x0000000000000052       0x34 Src/ap/ap.o
 .ARM.attributes
                0x0000000000000086       0x34 Src/bsp/bsp.o
 .ARM.attributes
                0x00000000000000ba       0x34 Src/bsp/stm32f4xx_hal_msp.o
 .ARM.attributes
                0x00000000000000ee       0x34 Src/bsp/stm32f4xx_it.o
 .ARM.attributes
                0x0000000000000122       0x34 Src/bsp/system_stm32f4xx.o
 .ARM.attributes
                0x0000000000000156       0x21 Src/bsp/startup/startup_stm32f411ceux.o
 .ARM.attributes
                0x0000000000000177       0x34 Src/hw/driver/led.o
 .ARM.attributes
                0x00000000000001ab       0x34 Src/hw/hw.o
 .ARM.attributes
                0x00000000000001df       0x34 Src/lib/cube_f411/Drivers/STM32F4xx_HAL_Driver/Src/stm32f4xx_hal.o
 .ARM.attributes
                0x0000000000000213       0x34 Src/lib/cube_f411/Drivers/STM32F4xx_HAL_Driver/Src/stm32f4xx_hal_cortex.o
 .ARM.attributes
                0x0000000000000247       0x34 Src/lib/cube_f411/Drivers/STM32F4xx_HAL_Driver/Src/stm32f4xx_hal_gpio.o
 .ARM.attributes
                0x000000000000027b       0x34 Src/lib/cube_f411/Drivers/STM32F4xx_HAL_Driver/Src/stm32f4xx_hal_rcc.o
 .ARM.attributes
                0x00000000000002af       0x34 Src/main.o
 .ARM.attributes
                0x00000000000002e3       0x34 c:/st/stm32cubeide_1.6.1/stm32cubeide/plugins/com.st.stm32cube.ide.mcu.externaltools.gnu-tools-for-stm32.9-2020-q2-update.win32_1.5.0.202011040924/tools/bin/../lib/gcc/arm-none-eabi/9.3.1/../../../../arm-none-eabi/lib/thumb/v7e-m+fp/hard\libc_nano.a(lib_a-init.o)
 .ARM.attributes
                0x0000000000000317       0x34 c:/st/stm32cubeide_1.6.1/stm32cubeide/plugins/com.st.stm32cube.ide.mcu.externaltools.gnu-tools-for-stm32.9-2020-q2-update.win32_1.5.0.202011040924/tools/bin/../lib/gcc/arm-none-eabi/9.3.1/../../../../arm-none-eabi/lib/thumb/v7e-m+fp/hard\libc_nano.a(lib_a-memset.o)
 .ARM.attributes
                0x000000000000034b       0x1e c:/st/stm32cubeide_1.6.1/stm32cubeide/plugins/com.st.stm32cube.ide.mcu.externaltools.gnu-tools-for-stm32.9-2020-q2-update.win32_1.5.0.202011040924/tools/bin/../lib/gcc/arm-none-eabi/9.3.1/thumb/v7e-m+fp/hard\libgcc.a(_aeabi_uldivmod.o)
 .ARM.attributes
                0x0000000000000369       0x34 c:/st/stm32cubeide_1.6.1/stm32cubeide/plugins/com.st.stm32cube.ide.mcu.externaltools.gnu-tools-for-stm32.9-2020-q2-update.win32_1.5.0.202011040924/tools/bin/../lib/gcc/arm-none-eabi/9.3.1/thumb/v7e-m+fp/hard\libgcc.a(_udivmoddi4.o)
 .ARM.attributes
                0x000000000000039d       0x1e c:/st/stm32cubeide_1.6.1/stm32cubeide/plugins/com.st.stm32cube.ide.mcu.externaltools.gnu-tools-for-stm32.9-2020-q2-update.win32_1.5.0.202011040924/tools/bin/../lib/gcc/arm-none-eabi/9.3.1/thumb/v7e-m+fp/hard\libgcc.a(_dvmd_tls.o)
 .ARM.attributes
                0x00000000000003bb       0x1e c:/st/stm32cubeide_1.6.1/stm32cubeide/plugins/com.st.stm32cube.ide.mcu.externaltools.gnu-tools-for-stm32.9-2020-q2-update.win32_1.5.0.202011040924/tools/bin/../lib/gcc/arm-none-eabi/9.3.1/thumb/v7e-m+fp/hard/crtn.o
OUTPUT(stm32f411_fw.elf elf32-littlearm)
LOAD linker stubs
LOAD c:/st/stm32cubeide_1.6.1/stm32cubeide/plugins/com.st.stm32cube.ide.mcu.externaltools.gnu-tools-for-stm32.9-2020-q2-update.win32_1.5.0.202011040924/tools/bin/../lib/gcc/arm-none-eabi/9.3.1/../../../../arm-none-eabi/lib/thumb/v7e-m+fp/hard\libc.a
LOAD c:/st/stm32cubeide_1.6.1/stm32cubeide/plugins/com.st.stm32cube.ide.mcu.externaltools.gnu-tools-for-stm32.9-2020-q2-update.win32_1.5.0.202011040924/tools/bin/../lib/gcc/arm-none-eabi/9.3.1/../../../../arm-none-eabi/lib/thumb/v7e-m+fp/hard\libm.a
LOAD c:/st/stm32cubeide_1.6.1/stm32cubeide/plugins/com.st.stm32cube.ide.mcu.externaltools.gnu-tools-for-stm32.9-2020-q2-update.win32_1.5.0.202011040924/tools/bin/../lib/gcc/arm-none-eabi/9.3.1/thumb/v7e-m+fp/hard\libgcc.a

.debug_info     0x0000000000000000     0x82ae
 .debug_info    0x0000000000000000      0xa5a Src/ap/ap.o
 .debug_info    0x0000000000000a5a      0xee2 Src/bsp/bsp.o
 .debug_info    0x000000000000193c      0xc62 Src/bsp/stm32f4xx_hal_msp.o
 .debug_info    0x000000000000259e      0xac4 Src/bsp/stm32f4xx_it.o
 .debug_info    0x0000000000003062      0x572 Src/bsp/system_stm32f4xx.o
 .debug_info    0x00000000000035d4       0x22 Src/bsp/startup/startup_stm32f411ceux.o
 .debug_info    0x00000000000035f6      0xea1 Src/hw/driver/led.o
 .debug_info    0x0000000000004497      0xa34 Src/hw/hw.o
 .debug_info    0x0000000000004ecb      0x944 Src/lib/cube_f411/Drivers/STM32F4xx_HAL_Driver/Src/stm32f4xx_hal.o
 .debug_info    0x000000000000580f      0xe47 Src/lib/cube_f411/Drivers/STM32F4xx_HAL_Driver/Src/stm32f4xx_hal_cortex.o
 .debug_info    0x0000000000006656      0x862 Src/lib/cube_f411/Drivers/STM32F4xx_HAL_Driver/Src/stm32f4xx_hal_gpio.o
 .debug_info    0x0000000000006eb8      0x9be Src/lib/cube_f411/Drivers/STM32F4xx_HAL_Driver/Src/stm32f4xx_hal_rcc.o
 .debug_info    0x0000000000007876      0xa38 Src/main.o

.debug_abbrev   0x0000000000000000     0x1898
 .debug_abbrev  0x0000000000000000      0x1e4 Src/ap/ap.o
 .debug_abbrev  0x00000000000001e4      0x258 Src/bsp/bsp.o
 .debug_abbrev  0x000000000000043c      0x1eb Src/bsp/stm32f4xx_hal_msp.o
 .debug_abbrev  0x0000000000000627      0x1d1 Src/bsp/stm32f4xx_it.o
 .debug_abbrev  0x00000000000007f8      0x129 Src/bsp/system_stm32f4xx.o
 .debug_abbrev  0x0000000000000921       0x12 Src/bsp/startup/startup_stm32f411ceux.o
 .debug_abbrev  0x0000000000000933      0x235 Src/hw/driver/led.o
 .debug_abbrev  0x0000000000000b68      0x1b7 Src/hw/hw.o
 .debug_abbrev  0x0000000000000d1f      0x21e Src/lib/cube_f411/Drivers/STM32F4xx_HAL_Driver/Src/stm32f4xx_hal.o
 .debug_abbrev  0x0000000000000f3d      0x33c Src/lib/cube_f411/Drivers/STM32F4xx_HAL_Driver/Src/stm32f4xx_hal_cortex.o
 .debug_abbrev  0x0000000000001279      0x1f1 Src/lib/cube_f411/Drivers/STM32F4xx_HAL_Driver/Src/stm32f4xx_hal_gpio.o
 .debug_abbrev  0x000000000000146a      0x275 Src/lib/cube_f411/Drivers/STM32F4xx_HAL_Driver/Src/stm32f4xx_hal_rcc.o
 .debug_abbrev  0x00000000000016df      0x1b9 Src/main.o

.debug_aranges  0x0000000000000000      0x498
 .debug_aranges
                0x0000000000000000       0x28 Src/ap/ap.o
 .debug_aranges
                0x0000000000000028       0x40 Src/bsp/bsp.o
 .debug_aranges
                0x0000000000000068       0x20 Src/bsp/stm32f4xx_hal_msp.o
 .debug_aranges
                0x0000000000000088       0x60 Src/bsp/stm32f4xx_it.o
 .debug_aranges
                0x00000000000000e8       0x28 Src/bsp/system_stm32f4xx.o
 .debug_aranges
                0x0000000000000110       0x28 Src/bsp/startup/startup_stm32f411ceux.o
 .debug_aranges
                0x0000000000000138       0x38 Src/hw/driver/led.o
 .debug_aranges
                0x0000000000000170       0x20 Src/hw/hw.o
 .debug_aranges
                0x0000000000000190       0xf0 Src/lib/cube_f411/Drivers/STM32F4xx_HAL_Driver/Src/stm32f4xx_hal.o
 .debug_aranges
                0x0000000000000280      0x118 Src/lib/cube_f411/Drivers/STM32F4xx_HAL_Driver/Src/stm32f4xx_hal_cortex.o
 .debug_aranges
                0x0000000000000398       0x58 Src/lib/cube_f411/Drivers/STM32F4xx_HAL_Driver/Src/stm32f4xx_hal_gpio.o
 .debug_aranges
                0x00000000000003f0       0x88 Src/lib/cube_f411/Drivers/STM32F4xx_HAL_Driver/Src/stm32f4xx_hal_rcc.o
 .debug_aranges
                0x0000000000000478       0x20 Src/main.o

.debug_ranges   0x0000000000000000      0x3d0
 .debug_ranges  0x0000000000000000       0x18 Src/ap/ap.o
 .debug_ranges  0x0000000000000018       0x30 Src/bsp/bsp.o
 .debug_ranges  0x0000000000000048       0x10 Src/bsp/stm32f4xx_hal_msp.o
 .debug_ranges  0x0000000000000058       0x50 Src/bsp/stm32f4xx_it.o
 .debug_ranges  0x00000000000000a8       0x18 Src/bsp/system_stm32f4xx.o
 .debug_ranges  0x00000000000000c0       0x20 Src/bsp/startup/startup_stm32f411ceux.o
 .debug_ranges  0x00000000000000e0       0x28 Src/hw/driver/led.o
 .debug_ranges  0x0000000000000108       0x10 Src/hw/hw.o
 .debug_ranges  0x0000000000000118       0xe0 Src/lib/cube_f411/Drivers/STM32F4xx_HAL_Driver/Src/stm32f4xx_hal.o
 .debug_ranges  0x00000000000001f8      0x108 Src/lib/cube_f411/Drivers/STM32F4xx_HAL_Driver/Src/stm32f4xx_hal_cortex.o
 .debug_ranges  0x0000000000000300       0x48 Src/lib/cube_f411/Drivers/STM32F4xx_HAL_Driver/Src/stm32f4xx_hal_gpio.o
 .debug_ranges  0x0000000000000348       0x78 Src/lib/cube_f411/Drivers/STM32F4xx_HAL_Driver/Src/stm32f4xx_hal_rcc.o
 .debug_ranges  0x00000000000003c0       0x10 Src/main.o

.debug_macro    0x0000000000000000    0x1610a
 .debug_macro   0x0000000000000000      0x35e Src/ap/ap.o
 .debug_macro   0x000000000000035e      0xa9c Src/ap/ap.o
 .debug_macro   0x0000000000000dfa       0x22 Src/ap/ap.o
 .debug_macro   0x0000000000000e1c       0x4c Src/ap/ap.o
 .debug_macro   0x0000000000000e68       0x18 Src/ap/ap.o
 .debug_macro   0x0000000000000e80       0x94 Src/ap/ap.o
 .debug_macro   0x0000000000000f14       0x3c Src/ap/ap.o
 .debug_macro   0x0000000000000f50       0x34 Src/ap/ap.o
 .debug_macro   0x0000000000000f84       0x16 Src/ap/ap.o
 .debug_macro   0x0000000000000f9a       0x57 Src/ap/ap.o
 .debug_macro   0x0000000000000ff1       0x97 Src/ap/ap.o
 .debug_macro   0x0000000000001088      0x339 Src/ap/ap.o
 .debug_macro   0x00000000000013c1       0xfd Src/ap/ap.o
 .debug_macro   0x00000000000014be       0x10 Src/ap/ap.o
 .debug_macro   0x00000000000014ce       0x16 Src/ap/ap.o
 .debug_macro   0x00000000000014e4       0x43 Src/ap/ap.o
 .debug_macro   0x0000000000001527       0x34 Src/ap/ap.o
 .debug_macro   0x000000000000155b       0x10 Src/ap/ap.o
 .debug_macro   0x000000000000156b       0x58 Src/ap/ap.o
 .debug_macro   0x00000000000015c3       0x71 Src/ap/ap.o
 .debug_macro   0x0000000000001634       0x1c Src/ap/ap.o
 .debug_macro   0x0000000000001650      0x12a Src/ap/ap.o
 .debug_macro   0x000000000000177a       0x10 Src/ap/ap.o
 .debug_macro   0x000000000000178a       0x6a Src/ap/ap.o
 .debug_macro   0x00000000000017f4       0x1c Src/ap/ap.o
 .debug_macro   0x0000000000001810       0x52 Src/ap/ap.o
 .debug_macro   0x0000000000001862       0x22 Src/ap/ap.o
 .debug_macro   0x0000000000001884       0x10 Src/ap/ap.o
 .debug_macro   0x0000000000001894       0x40 Src/ap/ap.o
 .debug_macro   0x00000000000018d4       0xd5 Src/ap/ap.o
 .debug_macro   0x00000000000019a9       0x1c Src/ap/ap.o
 .debug_macro   0x00000000000019c5       0x3d Src/ap/ap.o
 .debug_macro   0x0000000000001a02       0x16 Src/ap/ap.o
 .debug_macro   0x0000000000001a18      0x145 Src/ap/ap.o
 .debug_macro   0x0000000000001b5d      0x103 Src/ap/ap.o
 .debug_macro   0x0000000000001c60      0x1df Src/ap/ap.o
 .debug_macro   0x0000000000001e3f       0x22 Src/ap/ap.o
 .debug_macro   0x0000000000001e61      0x28f Src/ap/ap.o
 .debug_macro   0x00000000000020f0       0x2e Src/ap/ap.o
 .debug_macro   0x000000000000211e       0x28 Src/ap/ap.o
 .debug_macro   0x0000000000002146       0x1c Src/ap/ap.o
 .debug_macro   0x0000000000002162       0x22 Src/ap/ap.o
 .debug_macro   0x0000000000002184       0xd9 Src/ap/ap.o
 .debug_macro   0x000000000000225d     0x102d Src/ap/ap.o
 .debug_macro   0x000000000000328a      0x11f Src/ap/ap.o
 .debug_macro   0x00000000000033a9     0xb953 Src/ap/ap.o
 .debug_macro   0x000000000000ecfc       0x6d Src/ap/ap.o
 .debug_macro   0x000000000000ed69     0x3666 Src/ap/ap.o
 .debug_macro   0x00000000000123cf       0x56 Src/ap/ap.o
 .debug_macro   0x0000000000012425      0x447 Src/ap/ap.o
 .debug_macro   0x000000000001286c      0x9fe Src/ap/ap.o
 .debug_macro   0x000000000001326a      0x116 Src/ap/ap.o
 .debug_macro   0x0000000000013380      0x11b Src/ap/ap.o
 .debug_macro   0x000000000001349b       0xa5 Src/ap/ap.o
 .debug_macro   0x0000000000013540      0x15f Src/ap/ap.o
 .debug_macro   0x000000000001369f      0x287 Src/ap/ap.o
 .debug_macro   0x0000000000013926       0x5f Src/ap/ap.o
 .debug_macro   0x0000000000013985      0x236 Src/ap/ap.o
 .debug_macro   0x0000000000013bbb      0x132 Src/ap/ap.o
 .debug_macro   0x0000000000013ced      0x264 Src/ap/ap.o
 .debug_macro   0x0000000000013f51       0x2e Src/ap/ap.o
 .debug_macro   0x0000000000013f7f      0x11a Src/ap/ap.o
 .debug_macro   0x0000000000014099       0x85 Src/ap/ap.o
 .debug_macro   0x000000000001411e       0x89 Src/ap/ap.o
 .debug_macro   0x00000000000141a7      0x126 Src/ap/ap.o
 .debug_macro   0x00000000000142cd       0x10 Src/ap/ap.o
 .debug_macro   0x00000000000142dd      0x327 Src/bsp/bsp.o
 .debug_macro   0x0000000000014604      0x368 Src/bsp/stm32f4xx_hal_msp.o
 .debug_macro   0x000000000001496c      0x372 Src/bsp/stm32f4xx_it.o
 .debug_macro   0x0000000000014cde       0xda Src/bsp/system_stm32f4xx.o
 .debug_macro   0x0000000000014db8       0x8e Src/bsp/system_stm32f4xx.o
 .debug_macro   0x0000000000014e46       0x51 Src/bsp/system_stm32f4xx.o
 .debug_macro   0x0000000000014e97       0xdf Src/bsp/system_stm32f4xx.o
 .debug_macro   0x0000000000014f76      0x346 Src/hw/driver/led.o
 .debug_macro   0x00000000000152bc      0x354 Src/hw/hw.o
 .debug_macro   0x0000000000015610      0x20b Src/lib/cube_f411/Drivers/STM32F4xx_HAL_Driver/Src/stm32f4xx_hal.o
 .debug_macro   0x000000000001581b       0x5c Src/lib/cube_f411/Drivers/STM32F4xx_HAL_Driver/Src/stm32f4xx_hal.o
 .debug_macro   0x0000000000015877      0x1ab Src/lib/cube_f411/Drivers/STM32F4xx_HAL_Driver/Src/stm32f4xx_hal_cortex.o
 .debug_macro   0x0000000000015a22      0x1b1 Src/lib/cube_f411/Drivers/STM32F4xx_HAL_Driver/Src/stm32f4xx_hal_gpio.o
 .debug_macro   0x0000000000015bd3      0x1cf Src/lib/cube_f411/Drivers/STM32F4xx_HAL_Driver/Src/stm32f4xx_hal_rcc.o
 .debug_macro   0x0000000000015da2      0x368 Src/main.o

.debug_line     0x0000000000000000     0x81df
 .debug_line    0x0000000000000000      0xa5f Src/ap/ap.o
 .debug_line    0x0000000000000a5f      0xa4e Src/bsp/bsp.o
 .debug_line    0x00000000000014ad      0xabb Src/bsp/stm32f4xx_hal_msp.o
 .debug_line    0x0000000000001f68      0xb7d Src/bsp/stm32f4xx_it.o
 .debug_line    0x0000000000002ae5      0x565 Src/bsp/system_stm32f4xx.o
 .debug_line    0x000000000000304a       0x8b Src/bsp/startup/startup_stm32f411ceux.o
 .debug_line    0x00000000000030d5      0xace Src/hw/driver/led.o
 .debug_line    0x0000000000003ba3      0xa43 Src/hw/hw.o
 .debug_line    0x00000000000045e6      0xa86 Src/lib/cube_f411/Drivers/STM32F4xx_HAL_Driver/Src/stm32f4xx_hal.o
 .debug_line    0x000000000000506c      0xd35 Src/lib/cube_f411/Drivers/STM32F4xx_HAL_Driver/Src/stm32f4xx_hal_cortex.o
 .debug_line    0x0000000000005da1      0xbc0 Src/lib/cube_f411/Drivers/STM32F4xx_HAL_Driver/Src/stm32f4xx_hal_gpio.o
 .debug_line    0x0000000000006961      0xe00 Src/lib/cube_f411/Drivers/STM32F4xx_HAL_Driver/Src/stm32f4xx_hal_rcc.o
 .debug_line    0x0000000000007761      0xa7e Src/main.o

.debug_str      0x0000000000000000    0x83158
 .debug_str     0x0000000000000000    0x81aaf Src/ap/ap.o
                                      0x81da6 (size before relaxing)
 .debug_str     0x0000000000081aaf      0x2a0 Src/bsp/bsp.o
                                      0x81fa8 (size before relaxing)
 .debug_str     0x0000000000081d4f       0x38 Src/bsp/stm32f4xx_hal_msp.o
                                      0x81ecd (size before relaxing)
 .debug_str     0x0000000000081d87       0xbc Src/bsp/stm32f4xx_it.o
                                      0x81e49 (size before relaxing)
 .debug_str     0x0000000000081e43      0x101 Src/bsp/system_stm32f4xx.o
                                      0x4fcd5 (size before relaxing)
 .debug_str     0x0000000000081f44       0x39 Src/bsp/startup/startup_stm32f411ceux.o
                                         0x6a (size before relaxing)
 .debug_str     0x0000000000081f7d       0xfd Src/hw/driver/led.o
                                      0x81f8a (size before relaxing)
 .debug_str     0x000000000008207a       0x16 Src/hw/hw.o
                                      0x81d88 (size before relaxing)
 .debug_str     0x0000000000082090      0x92b Src/lib/cube_f411/Drivers/STM32F4xx_HAL_Driver/Src/stm32f4xx_hal.o
                                      0x7e721 (size before relaxing)
 .debug_str     0x00000000000829bb      0x3bc Src/lib/cube_f411/Drivers/STM32F4xx_HAL_Driver/Src/stm32f4xx_hal_cortex.o
                                      0x7e4fe (size before relaxing)
 .debug_str     0x0000000000082d77      0x163 Src/lib/cube_f411/Drivers/STM32F4xx_HAL_Driver/Src/stm32f4xx_hal_gpio.o
                                      0x7df3e (size before relaxing)
 .debug_str     0x0000000000082eda      0x26b Src/lib/cube_f411/Drivers/STM32F4xx_HAL_Driver/Src/stm32f4xx_hal_rcc.o
                                      0x7e199 (size before relaxing)
 .debug_str     0x0000000000083145       0x13 Src/main.o
                                      0x81da0 (size before relaxing)

.comment        0x0000000000000000       0x53
 .comment       0x0000000000000000       0x53 Src/ap/ap.o
                                         0x54 (size before relaxing)
 .comment       0x0000000000000053       0x54 Src/bsp/bsp.o
 .comment       0x0000000000000053       0x54 Src/bsp/stm32f4xx_hal_msp.o
 .comment       0x0000000000000053       0x54 Src/bsp/stm32f4xx_it.o
 .comment       0x0000000000000053       0x54 Src/bsp/system_stm32f4xx.o
 .comment       0x0000000000000053       0x54 Src/hw/driver/led.o
 .comment       0x0000000000000053       0x54 Src/hw/hw.o
 .comment       0x0000000000000053       0x54 Src/lib/cube_f411/Drivers/STM32F4xx_HAL_Driver/Src/stm32f4xx_hal.o
 .comment       0x0000000000000053       0x54 Src/lib/cube_f411/Drivers/STM32F4xx_HAL_Driver/Src/stm32f4xx_hal_cortex.o
 .comment       0x0000000000000053       0x54 Src/lib/cube_f411/Drivers/STM32F4xx_HAL_Driver/Src/stm32f4xx_hal_gpio.o
 .comment       0x0000000000000053       0x54 Src/lib/cube_f411/Drivers/STM32F4xx_HAL_Driver/Src/stm32f4xx_hal_rcc.o
 .comment       0x0000000000000053       0x54 Src/main.o

.debug_frame    0x0000000000000000      0xf7c
 .debug_frame   0x0000000000000000       0x50 Src/ap/ap.o
 .debug_frame   0x0000000000000050       0xb0 Src/bsp/bsp.o
 .debug_frame   0x0000000000000100       0x38 Src/bsp/stm32f4xx_hal_msp.o
 .debug_frame   0x0000000000000138      0x104 Src/bsp/stm32f4xx_it.o
 .debug_frame   0x000000000000023c       0x58 Src/bsp/system_stm32f4xx.o
 .debug_frame   0x0000000000000294       0xa0 Src/hw/driver/led.o
 .debug_frame   0x0000000000000334       0x2c Src/hw/hw.o
 .debug_frame   0x0000000000000360      0x374 Src/lib/cube_f411/Drivers/STM32F4xx_HAL_Driver/Src/stm32f4xx_hal.o
 .debug_frame   0x00000000000006d4      0x498 Src/lib/cube_f411/Drivers/STM32F4xx_HAL_Driver/Src/stm32f4xx_hal_cortex.o
 .debug_frame   0x0000000000000b6c      0x14c Src/lib/cube_f411/Drivers/STM32F4xx_HAL_Driver/Src/stm32f4xx_hal_gpio.o
 .debug_frame   0x0000000000000cb8      0x1ec Src/lib/cube_f411/Drivers/STM32F4xx_HAL_Driver/Src/stm32f4xx_hal_rcc.o
 .debug_frame   0x0000000000000ea4       0x2c Src/main.o
 .debug_frame   0x0000000000000ed0       0x2c c:/st/stm32cubeide_1.6.1/stm32cubeide/plugins/com.st.stm32cube.ide.mcu.externaltools.gnu-tools-for-stm32.9-2020-q2-update.win32_1.5.0.202011040924/tools/bin/../lib/gcc/arm-none-eabi/9.3.1/../../../../arm-none-eabi/lib/thumb/v7e-m+fp/hard\libc_nano.a(lib_a-init.o)
 .debug_frame   0x0000000000000efc       0x20 c:/st/stm32cubeide_1.6.1/stm32cubeide/plugins/com.st.stm32cube.ide.mcu.externaltools.gnu-tools-for-stm32.9-2020-q2-update.win32_1.5.0.202011040924/tools/bin/../lib/gcc/arm-none-eabi/9.3.1/../../../../arm-none-eabi/lib/thumb/v7e-m+fp/hard\libc_nano.a(lib_a-memset.o)
 .debug_frame   0x0000000000000f1c       0x2c c:/st/stm32cubeide_1.6.1/stm32cubeide/plugins/com.st.stm32cube.ide.mcu.externaltools.gnu-tools-for-stm32.9-2020-q2-update.win32_1.5.0.202011040924/tools/bin/../lib/gcc/arm-none-eabi/9.3.1/thumb/v7e-m+fp/hard\libgcc.a(_aeabi_uldivmod.o)
 .debug_frame   0x0000000000000f48       0x34 c:/st/stm32cubeide_1.6.1/stm32cubeide/plugins/com.st.stm32cube.ide.mcu.externaltools.gnu-tools-for-stm32.9-2020-q2-update.win32_1.5.0.202011040924/tools/bin/../lib/gcc/arm-none-eabi/9.3.1/thumb/v7e-m+fp/hard\libgcc.a(_udivmoddi4.o)
